// Jest Snapshot v1, https://goo.gl/fbAQLP

exports[`App should take snapshot 1`] = `ShallowWrapper {}`;
