// Jest Snapshot v1, https://goo.gl/fbAQLP

exports[`SearchBox should take a snapshot 1`] = `ShallowWrapper {}`;
